app/api/products/route.ts(124,107): error TS2339: Property 'errors' does not exist on type 'ZodError<any>'.
app/api/seed/route.ts(31,18): error TS18046: 'error' is of type 'unknown'.
app/api/test-db/route.ts(56,16): error TS18046: 'error' is of type 'unknown'.
app/api/test-db/route.ts(57,57): error TS18046: 'error' is of type 'unknown'.
app/auth/layout.tsx(16,9): error TS18048: 'session.user' is possibly 'undefined'.
components/admin/promo-form.tsx(37,7): error TS2322: Type 'string' is not assignable to type '"left" | "center" | "right" | undefined'.
components/admin/promo-form.tsx(99,41): error TS2345: Argument of type '(values: z.infer<typeof promoSchema>) => Promise<void>' is not assignable to parameter of type 'SubmitHandler<TFieldValues>'.
  Types of parameters 'values' and 'data' are incompatible.
    Type 'TFieldValues' is not assignable to type '{ title: string; image: string; description?: string | undefined; buttonText?: string | undefined; buttonLink?: string | undefined; backgroundColor?: string | undefined; backgroundOpacity?: number | undefined; position?: "left" | ... 2 more ... | undefined; isActive?: boolean | undefined; }'.
      Type 'FieldValues' is missing the following properties from type '{ title: string; image: string; description?: string | undefined; buttonText?: string | undefined; buttonLink?: string | undefined; backgroundColor?: string | undefined; backgroundOpacity?: number | undefined; position?: "left" | ... 2 more ... | undefined; isActive?: boolean | undefined; }': title, image
components/admin/promo-form.tsx(104,17): error TS2322: Type 'Control<{ title: string; image: string; description?: string | undefined; buttonText?: string | undefined; buttonLink?: string | undefined; backgroundColor?: string | undefined; backgroundOpacity?: number | undefined; position?: "left" | ... 2 more ... | undefined; isActive?: boolean | undefined; }, any, TFieldValues>' is not assignable to type 'Control<{ title: string; image: string; description?: string | undefined; buttonText?: string | undefined; buttonLink?: string | undefined; backgroundColor?: string | undefined; backgroundOpacity?: number | undefined; position?: "left" | ... 2 more ... | undefined; isActive?: boolean | undefined; }, any, { ...; }>'.
  The types of '_options.resolver' are incompatible between these types.
    Type 'Resolver<{ title: string; image: string; description?: string | undefined; buttonText?: string | undefined; buttonLink?: string | undefined; backgroundColor?: string | undefined; backgroundOpacity?: number | undefined; position?: "left" | ... 2 more ... | undefined; isActive?: boolean | undefined; }, any, TFieldValu...' is not assignable to type 'Resolver<{ title: string; image: string; description?: string | undefined; buttonText?: string | undefined; buttonLink?: string | undefined; backgroundColor?: string | undefined; backgroundOpacity?: number | undefined; position?: "left" | ... 2 more ... | undefined; isActive?: boolean | undefined; }, any, { ...; }> ...'.
      Type 'Resolver<{ title: string; image: string; description?: string | undefined; buttonText?: string | undefined; buttonLink?: string | undefined; backgroundColor?: string | undefined; backgroundOpacity?: number | undefined; position?: "left" | ... 2 more ... | undefined; isActive?: boolean | undefined; }, any, TFieldValu...' is not assignable to type 'Resolver<{ title: string; image: string; description?: string | undefined; buttonText?: string | undefined; buttonLink?: string | undefined; backgroundColor?: string | undefined; backgroundOpacity?: number | undefined; position?: "left" | ... 2 more ... | undefined; isActive?: boolean | undefined; }, any, { ...; }>'.
        Type 'ResolverResult<{ title: string; image: string; description?: string | undefined; buttonText?: string | undefined; buttonLink?: string | undefined; backgroundColor?: string | undefined; backgroundOpacity?: number | undefined; position?: "left" | ... 2 more ... | undefined; isActive?: boolean | undefined; }, TFieldVal...' is not assignable to type 'ResolverResult<{ title: string; image: string; description?: string | undefined; buttonText?: string | undefined; buttonLink?: string | undefined; backgroundColor?: string | undefined; backgroundOpacity?: number | undefined; position?: "left" | ... 2 more ... | undefined; isActive?: boolean | undefined; }, { ...; }>...'.
          Type 'ResolverSuccess<TFieldValues>' is not assignable to type 'ResolverResult<{ title: string; image: string; description?: string | undefined; buttonText?: string | undefined; buttonLink?: string | undefined; backgroundColor?: string | undefined; backgroundOpacity?: number | undefined; position?: "left" | ... 2 more ... | undefined; isActive?: boolean | undefined; }, { ...; }>...'.
            Type 'ResolverSuccess<TFieldValues>' is not assignable to type 'ResolverSuccess<{ title: string; image: string; description?: string | undefined; buttonText?: string | undefined; buttonLink?: string | undefined; backgroundColor?: string | undefined; backgroundOpacity?: number | undefined; position?: "left" | ... 2 more ... | undefined; isActive?: boolean | undefined; }>'.
              Type 'TFieldValues' is not assignable to type '{ title: string; image: string; description?: string | undefined; buttonText?: string | undefined; buttonLink?: string | undefined; backgroundColor?: string | undefined; backgroundOpacity?: number | undefined; position?: "left" | ... 2 more ... | undefined; isActive?: boolean | undefined; }'.
                Type 'FieldValues' is missing the following properties from type '{ title: string; image: string; description?: string | undefined; buttonText?: string | undefined; buttonLink?: string | undefined; backgroundColor?: string | undefined; backgroundOpacity?: number | undefined; position?: "left" | ... 2 more ... | undefined; isActive?: boolean | undefined; }': title, image
components/admin/promo-form.tsx(118,17): error TS2322: Type 'Control<{ title: string; image: string; description?: string | undefined; buttonText?: string | undefined; buttonLink?: string | undefined; backgroundColor?: string | undefined; backgroundOpacity?: number | undefined; position?: "left" | ... 2 more ... | undefined; isActive?: boolean | undefined; }, any, TFieldValues>' is not assignable to type 'Control<{ title: string; image: string; description?: string | undefined; buttonText?: string | undefined; buttonLink?: string | undefined; backgroundColor?: string | undefined; backgroundOpacity?: number | undefined; position?: "left" | ... 2 more ... | undefined; isActive?: boolean | undefined; }, any, { ...; }>'.
  The types of '_options.resolver' are incompatible between these types.
    Type 'Resolver<{ title: string; image: string; description?: string | undefined; buttonText?: string | undefined; buttonLink?: string | undefined; backgroundColor?: string | undefined; backgroundOpacity?: number | undefined; position?: "left" | ... 2 more ... | undefined; isActive?: boolean | undefined; }, any, TFieldValu...' is not assignable to type 'Resolver<{ title: string; image: string; description?: string | undefined; buttonText?: string | undefined; buttonLink?: string | undefined; backgroundColor?: string | undefined; backgroundOpacity?: number | undefined; position?: "left" | ... 2 more ... | undefined; isActive?: boolean | undefined; }, any, { ...; }> ...'.
      Type 'Resolver<{ title: string; image: string; description?: string | undefined; buttonText?: string | undefined; buttonLink?: string | undefined; backgroundColor?: string | undefined; backgroundOpacity?: number | undefined; position?: "left" | ... 2 more ... | undefined; isActive?: boolean | undefined; }, any, TFieldValu...' is not assignable to type 'Resolver<{ title: string; image: string; description?: string | undefined; buttonText?: string | undefined; buttonLink?: string | undefined; backgroundColor?: string | undefined; backgroundOpacity?: number | undefined; position?: "left" | ... 2 more ... | undefined; isActive?: boolean | undefined; }, any, { ...; }>'.
        Type 'ResolverResult<{ title: string; image: string; description?: string | undefined; buttonText?: string | undefined; buttonLink?: string | undefined; backgroundColor?: string | undefined; backgroundOpacity?: number | undefined; position?: "left" | ... 2 more ... | undefined; isActive?: boolean | undefined; }, TFieldVal...' is not assignable to type 'ResolverResult<{ title: string; image: string; description?: string | undefined; buttonText?: string | undefined; buttonLink?: string | undefined; backgroundColor?: string | undefined; backgroundOpacity?: number | undefined; position?: "left" | ... 2 more ... | undefined; isActive?: boolean | undefined; }, { ...; }>...'.
          Type 'ResolverSuccess<TFieldValues>' is not assignable to type 'ResolverResult<{ title: string; image: string; description?: string | undefined; buttonText?: string | undefined; buttonLink?: string | undefined; backgroundColor?: string | undefined; backgroundOpacity?: number | undefined; position?: "left" | ... 2 more ... | undefined; isActive?: boolean | undefined; }, { ...; }>...'.
            Type 'ResolverSuccess<TFieldValues>' is not assignable to type 'ResolverSuccess<{ title: string; image: string; description?: string | undefined; buttonText?: string | undefined; buttonLink?: string | undefined; backgroundColor?: string | undefined; backgroundOpacity?: number | undefined; position?: "left" | ... 2 more ... | undefined; isActive?: boolean | undefined; }>'.
              Type 'TFieldValues' is not assignable to type '{ title: string; image: string; description?: string | undefined; buttonText?: string | undefined; buttonLink?: string | undefined; backgroundColor?: string | undefined; backgroundOpacity?: number | undefined; position?: "left" | ... 2 more ... | undefined; isActive?: boolean | undefined; }'.
                Type 'FieldValues' is missing the following properties from type '{ title: string; image: string; description?: string | undefined; buttonText?: string | undefined; buttonLink?: string | undefined; backgroundColor?: string | undefined; backgroundOpacity?: number | undefined; position?: "left" | ... 2 more ... | undefined; isActive?: boolean | undefined; }': title, image
components/admin/promo-form.tsx(133,19): error TS2322: Type 'Control<{ title: string; image: string; description?: string | undefined; buttonText?: string | undefined; buttonLink?: string | undefined; backgroundColor?: string | undefined; backgroundOpacity?: number | undefined; position?: "left" | ... 2 more ... | undefined; isActive?: boolean | undefined; }, any, TFieldValues>' is not assignable to type 'Control<{ title: string; image: string; description?: string | undefined; buttonText?: string | undefined; buttonLink?: string | undefined; backgroundColor?: string | undefined; backgroundOpacity?: number | undefined; position?: "left" | ... 2 more ... | undefined; isActive?: boolean | undefined; }, any, { ...; }>'.
  The types of '_options.resolver' are incompatible between these types.
    Type 'Resolver<{ title: string; image: string; description?: string | undefined; buttonText?: string | undefined; buttonLink?: string | undefined; backgroundColor?: string | undefined; backgroundOpacity?: number | undefined; position?: "left" | ... 2 more ... | undefined; isActive?: boolean | undefined; }, any, TFieldValu...' is not assignable to type 'Resolver<{ title: string; image: string; description?: string | undefined; buttonText?: string | undefined; buttonLink?: string | undefined; backgroundColor?: string | undefined; backgroundOpacity?: number | undefined; position?: "left" | ... 2 more ... | undefined; isActive?: boolean | undefined; }, any, { ...; }> ...'.
      Type 'Resolver<{ title: string; image: string; description?: string | undefined; buttonText?: string | undefined; buttonLink?: string | undefined; backgroundColor?: string | undefined; backgroundOpacity?: number | undefined; position?: "left" | ... 2 more ... | undefined; isActive?: boolean | undefined; }, any, TFieldValu...' is not assignable to type 'Resolver<{ title: string; image: string; description?: string | undefined; buttonText?: string | undefined; buttonLink?: string | undefined; backgroundColor?: string | undefined; backgroundOpacity?: number | undefined; position?: "left" | ... 2 more ... | undefined; isActive?: boolean | undefined; }, any, { ...; }>'.
        Type 'ResolverResult<{ title: string; image: string; description?: string | undefined; buttonText?: string | undefined; buttonLink?: string | undefined; backgroundColor?: string | undefined; backgroundOpacity?: number | undefined; position?: "left" | ... 2 more ... | undefined; isActive?: boolean | undefined; }, TFieldVal...' is not assignable to type 'ResolverResult<{ title: string; image: string; description?: string | undefined; buttonText?: string | undefined; buttonLink?: string | undefined; backgroundColor?: string | undefined; backgroundOpacity?: number | undefined; position?: "left" | ... 2 more ... | undefined; isActive?: boolean | undefined; }, { ...; }>...'.
          Type 'ResolverSuccess<TFieldValues>' is not assignable to type 'ResolverResult<{ title: string; image: string; description?: string | undefined; buttonText?: string | undefined; buttonLink?: string | undefined; backgroundColor?: string | undefined; backgroundOpacity?: number | undefined; position?: "left" | ... 2 more ... | undefined; isActive?: boolean | undefined; }, { ...; }>...'.
            Type 'ResolverSuccess<TFieldValues>' is not assignable to type 'ResolverSuccess<{ title: string; image: string; description?: string | undefined; buttonText?: string | undefined; buttonLink?: string | undefined; backgroundColor?: string | undefined; backgroundOpacity?: number | undefined; position?: "left" | ... 2 more ... | undefined; isActive?: boolean | undefined; }>'.
              Type 'TFieldValues' is not assignable to type '{ title: string; image: string; description?: string | undefined; buttonText?: string | undefined; buttonLink?: string | undefined; backgroundColor?: string | undefined; backgroundOpacity?: number | undefined; position?: "left" | ... 2 more ... | undefined; isActive?: boolean | undefined; }'.
                Type 'FieldValues' is missing the following properties from type '{ title: string; image: string; description?: string | undefined; buttonText?: string | undefined; buttonLink?: string | undefined; backgroundColor?: string | undefined; backgroundOpacity?: number | undefined; position?: "left" | ... 2 more ... | undefined; isActive?: boolean | undefined; }': title, image
components/admin/promo-form.tsx(147,19): error TS2322: Type 'Control<{ title: string; image: string; description?: string | undefined; buttonText?: string | undefined; buttonLink?: string | undefined; backgroundColor?: string | undefined; backgroundOpacity?: number | undefined; position?: "left" | ... 2 more ... | undefined; isActive?: boolean | undefined; }, any, TFieldValues>' is not assignable to type 'Control<{ title: string; image: string; description?: string | undefined; buttonText?: string | undefined; buttonLink?: string | undefined; backgroundColor?: string | undefined; backgroundOpacity?: number | undefined; position?: "left" | ... 2 more ... | undefined; isActive?: boolean | undefined; }, any, { ...; }>'.
  The types of '_options.resolver' are incompatible between these types.
    Type 'Resolver<{ title: string; image: string; description?: string | undefined; buttonText?: string | undefined; buttonLink?: string | undefined; backgroundColor?: string | undefined; backgroundOpacity?: number | undefined; position?: "left" | ... 2 more ... | undefined; isActive?: boolean | undefined; }, any, TFieldValu...' is not assignable to type 'Resolver<{ title: string; image: string; description?: string | undefined; buttonText?: string | undefined; buttonLink?: string | undefined; backgroundColor?: string | undefined; backgroundOpacity?: number | undefined; position?: "left" | ... 2 more ... | undefined; isActive?: boolean | undefined; }, any, { ...; }> ...'.
      Type 'Resolver<{ title: string; image: string; description?: string | undefined; buttonText?: string | undefined; buttonLink?: string | undefined; backgroundColor?: string | undefined; backgroundOpacity?: number | undefined; position?: "left" | ... 2 more ... | undefined; isActive?: boolean | undefined; }, any, TFieldValu...' is not assignable to type 'Resolver<{ title: string; image: string; description?: string | undefined; buttonText?: string | undefined; buttonLink?: string | undefined; backgroundColor?: string | undefined; backgroundOpacity?: number | undefined; position?: "left" | ... 2 more ... | undefined; isActive?: boolean | undefined; }, any, { ...; }>'.
        Type 'ResolverResult<{ title: string; image: string; description?: string | undefined; buttonText?: string | undefined; buttonLink?: string | undefined; backgroundColor?: string | undefined; backgroundOpacity?: number | undefined; position?: "left" | ... 2 more ... | undefined; isActive?: boolean | undefined; }, TFieldVal...' is not assignable to type 'ResolverResult<{ title: string; image: string; description?: string | undefined; buttonText?: string | undefined; buttonLink?: string | undefined; backgroundColor?: string | undefined; backgroundOpacity?: number | undefined; position?: "left" | ... 2 more ... | undefined; isActive?: boolean | undefined; }, { ...; }>...'.
          Type 'ResolverSuccess<TFieldValues>' is not assignable to type 'ResolverResult<{ title: string; image: string; description?: string | undefined; buttonText?: string | undefined; buttonLink?: string | undefined; backgroundColor?: string | undefined; backgroundOpacity?: number | undefined; position?: "left" | ... 2 more ... | undefined; isActive?: boolean | undefined; }, { ...; }>...'.
            Type 'ResolverSuccess<TFieldValues>' is not assignable to type 'ResolverSuccess<{ title: string; image: string; description?: string | undefined; buttonText?: string | undefined; buttonLink?: string | undefined; backgroundColor?: string | undefined; backgroundOpacity?: number | undefined; position?: "left" | ... 2 more ... | undefined; isActive?: boolean | undefined; }>'.
              Type 'TFieldValues' is not assignable to type '{ title: string; image: string; description?: string | undefined; buttonText?: string | undefined; buttonLink?: string | undefined; backgroundColor?: string | undefined; backgroundOpacity?: number | undefined; position?: "left" | ... 2 more ... | undefined; isActive?: boolean | undefined; }'.
                Type 'FieldValues' is missing the following properties from type '{ title: string; image: string; description?: string | undefined; buttonText?: string | undefined; buttonLink?: string | undefined; backgroundColor?: string | undefined; backgroundOpacity?: number | undefined; position?: "left" | ... 2 more ... | undefined; isActive?: boolean | undefined; }': title, image
components/admin/promo-form.tsx(163,19): error TS2322: Type 'Control<{ title: string; image: string; description?: string | undefined; buttonText?: string | undefined; buttonLink?: string | undefined; backgroundColor?: string | undefined; backgroundOpacity?: number | undefined; position?: "left" | ... 2 more ... | undefined; isActive?: boolean | undefined; }, any, TFieldValues>' is not assignable to type 'Control<{ title: string; image: string; description?: string | undefined; buttonText?: string | undefined; buttonLink?: string | undefined; backgroundColor?: string | undefined; backgroundOpacity?: number | undefined; position?: "left" | ... 2 more ... | undefined; isActive?: boolean | undefined; }, any, { ...; }>'.
  The types of '_options.resolver' are incompatible between these types.
    Type 'Resolver<{ title: string; image: string; description?: string | undefined; buttonText?: string | undefined; buttonLink?: string | undefined; backgroundColor?: string | undefined; backgroundOpacity?: number | undefined; position?: "left" | ... 2 more ... | undefined; isActive?: boolean | undefined; }, any, TFieldValu...' is not assignable to type 'Resolver<{ title: string; image: string; description?: string | undefined; buttonText?: string | undefined; buttonLink?: string | undefined; backgroundColor?: string | undefined; backgroundOpacity?: number | undefined; position?: "left" | ... 2 more ... | undefined; isActive?: boolean | undefined; }, any, { ...; }> ...'.
      Type 'Resolver<{ title: string; image: string; description?: string | undefined; buttonText?: string | undefined; buttonLink?: string | undefined; backgroundColor?: string | undefined; backgroundOpacity?: number | undefined; position?: "left" | ... 2 more ... | undefined; isActive?: boolean | undefined; }, any, TFieldValu...' is not assignable to type 'Resolver<{ title: string; image: string; description?: string | undefined; buttonText?: string | undefined; buttonLink?: string | undefined; backgroundColor?: string | undefined; backgroundOpacity?: number | undefined; position?: "left" | ... 2 more ... | undefined; isActive?: boolean | undefined; }, any, { ...; }>'.
        Type 'ResolverResult<{ title: string; image: string; description?: string | undefined; buttonText?: string | undefined; buttonLink?: string | undefined; backgroundColor?: string | undefined; backgroundOpacity?: number | undefined; position?: "left" | ... 2 more ... | undefined; isActive?: boolean | undefined; }, TFieldVal...' is not assignable to type 'ResolverResult<{ title: string; image: string; description?: string | undefined; buttonText?: string | undefined; buttonLink?: string | undefined; backgroundColor?: string | undefined; backgroundOpacity?: number | undefined; position?: "left" | ... 2 more ... | undefined; isActive?: boolean | undefined; }, { ...; }>...'.
          Type 'ResolverSuccess<TFieldValues>' is not assignable to type 'ResolverResult<{ title: string; image: string; description?: string | undefined; buttonText?: string | undefined; buttonLink?: string | undefined; backgroundColor?: string | undefined; backgroundOpacity?: number | undefined; position?: "left" | ... 2 more ... | undefined; isActive?: boolean | undefined; }, { ...; }>...'.
            Type 'ResolverSuccess<TFieldValues>' is not assignable to type 'ResolverSuccess<{ title: string; image: string; description?: string | undefined; buttonText?: string | undefined; buttonLink?: string | undefined; backgroundColor?: string | undefined; backgroundOpacity?: number | undefined; position?: "left" | ... 2 more ... | undefined; isActive?: boolean | undefined; }>'.
              Type 'TFieldValues' is not assignable to type '{ title: string; image: string; description?: string | undefined; buttonText?: string | undefined; buttonLink?: string | undefined; backgroundColor?: string | undefined; backgroundOpacity?: number | undefined; position?: "left" | ... 2 more ... | undefined; isActive?: boolean | undefined; }'.
                Type 'FieldValues' is missing the following properties from type '{ title: string; image: string; description?: string | undefined; buttonText?: string | undefined; buttonLink?: string | undefined; backgroundColor?: string | undefined; backgroundOpacity?: number | undefined; position?: "left" | ... 2 more ... | undefined; isActive?: boolean | undefined; }': title, image
components/admin/promo-form.tsx(180,19): error TS2322: Type 'Control<{ title: string; image: string; description?: string | undefined; buttonText?: string | undefined; buttonLink?: string | undefined; backgroundColor?: string | undefined; backgroundOpacity?: number | undefined; position?: "left" | ... 2 more ... | undefined; isActive?: boolean | undefined; }, any, TFieldValues>' is not assignable to type 'Control<{ title: string; image: string; description?: string | undefined; buttonText?: string | undefined; buttonLink?: string | undefined; backgroundColor?: string | undefined; backgroundOpacity?: number | undefined; position?: "left" | ... 2 more ... | undefined; isActive?: boolean | undefined; }, any, { ...; }>'.
  The types of '_options.resolver' are incompatible between these types.
    Type 'Resolver<{ title: string; image: string; description?: string | undefined; buttonText?: string | undefined; buttonLink?: string | undefined; backgroundColor?: string | undefined; backgroundOpacity?: number | undefined; position?: "left" | ... 2 more ... | undefined; isActive?: boolean | undefined; }, any, TFieldValu...' is not assignable to type 'Resolver<{ title: string; image: string; description?: string | undefined; buttonText?: string | undefined; buttonLink?: string | undefined; backgroundColor?: string | undefined; backgroundOpacity?: number | undefined; position?: "left" | ... 2 more ... | undefined; isActive?: boolean | undefined; }, any, { ...; }> ...'.
      Type 'Resolver<{ title: string; image: string; description?: string | undefined; buttonText?: string | undefined; buttonLink?: string | undefined; backgroundColor?: string | undefined; backgroundOpacity?: number | undefined; position?: "left" | ... 2 more ... | undefined; isActive?: boolean | undefined; }, any, TFieldValu...' is not assignable to type 'Resolver<{ title: string; image: string; description?: string | undefined; buttonText?: string | undefined; buttonLink?: string | undefined; backgroundColor?: string | undefined; backgroundOpacity?: number | undefined; position?: "left" | ... 2 more ... | undefined; isActive?: boolean | undefined; }, any, { ...; }>'.
        Type 'ResolverResult<{ title: string; image: string; description?: string | undefined; buttonText?: string | undefined; buttonLink?: string | undefined; backgroundColor?: string | undefined; backgroundOpacity?: number | undefined; position?: "left" | ... 2 more ... | undefined; isActive?: boolean | undefined; }, TFieldVal...' is not assignable to type 'ResolverResult<{ title: string; image: string; description?: string | undefined; buttonText?: string | undefined; buttonLink?: string | undefined; backgroundColor?: string | undefined; backgroundOpacity?: number | undefined; position?: "left" | ... 2 more ... | undefined; isActive?: boolean | undefined; }, { ...; }>...'.
          Type 'ResolverSuccess<TFieldValues>' is not assignable to type 'ResolverResult<{ title: string; image: string; description?: string | undefined; buttonText?: string | undefined; buttonLink?: string | undefined; backgroundColor?: string | undefined; backgroundOpacity?: number | undefined; position?: "left" | ... 2 more ... | undefined; isActive?: boolean | undefined; }, { ...; }>...'.
            Type 'ResolverSuccess<TFieldValues>' is not assignable to type 'ResolverSuccess<{ title: string; image: string; description?: string | undefined; buttonText?: string | undefined; buttonLink?: string | undefined; backgroundColor?: string | undefined; backgroundOpacity?: number | undefined; position?: "left" | ... 2 more ... | undefined; isActive?: boolean | undefined; }>'.
              Type 'TFieldValues' is not assignable to type '{ title: string; image: string; description?: string | undefined; buttonText?: string | undefined; buttonLink?: string | undefined; backgroundColor?: string | undefined; backgroundOpacity?: number | undefined; position?: "left" | ... 2 more ... | undefined; isActive?: boolean | undefined; }'.
                Type 'FieldValues' is missing the following properties from type '{ title: string; image: string; description?: string | undefined; buttonText?: string | undefined; buttonLink?: string | undefined; backgroundColor?: string | undefined; backgroundOpacity?: number | undefined; position?: "left" | ... 2 more ... | undefined; isActive?: boolean | undefined; }': title, image
components/admin/promo-form.tsx(207,17): error TS2322: Type 'Control<{ title: string; image: string; description?: string | undefined; buttonText?: string | undefined; buttonLink?: string | undefined; backgroundColor?: string | undefined; backgroundOpacity?: number | undefined; position?: "left" | ... 2 more ... | undefined; isActive?: boolean | undefined; }, any, TFieldValues>' is not assignable to type 'Control<{ title: string; image: string; description?: string | undefined; buttonText?: string | undefined; buttonLink?: string | undefined; backgroundColor?: string | undefined; backgroundOpacity?: number | undefined; position?: "left" | ... 2 more ... | undefined; isActive?: boolean | undefined; }, any, { ...; }>'.
  The types of '_options.resolver' are incompatible between these types.
    Type 'Resolver<{ title: string; image: string; description?: string | undefined; buttonText?: string | undefined; buttonLink?: string | undefined; backgroundColor?: string | undefined; backgroundOpacity?: number | undefined; position?: "left" | ... 2 more ... | undefined; isActive?: boolean | undefined; }, any, TFieldValu...' is not assignable to type 'Resolver<{ title: string; image: string; description?: string | undefined; buttonText?: string | undefined; buttonLink?: string | undefined; backgroundColor?: string | undefined; backgroundOpacity?: number | undefined; position?: "left" | ... 2 more ... | undefined; isActive?: boolean | undefined; }, any, { ...; }> ...'.
      Type 'Resolver<{ title: string; image: string; description?: string | undefined; buttonText?: string | undefined; buttonLink?: string | undefined; backgroundColor?: string | undefined; backgroundOpacity?: number | undefined; position?: "left" | ... 2 more ... | undefined; isActive?: boolean | undefined; }, any, TFieldValu...' is not assignable to type 'Resolver<{ title: string; image: string; description?: string | undefined; buttonText?: string | undefined; buttonLink?: string | undefined; backgroundColor?: string | undefined; backgroundOpacity?: number | undefined; position?: "left" | ... 2 more ... | undefined; isActive?: boolean | undefined; }, any, { ...; }>'.
        Type 'ResolverResult<{ title: string; image: string; description?: string | undefined; buttonText?: string | undefined; buttonLink?: string | undefined; backgroundColor?: string | undefined; backgroundOpacity?: number | undefined; position?: "left" | ... 2 more ... | undefined; isActive?: boolean | undefined; }, TFieldVal...' is not assignable to type 'ResolverResult<{ title: string; image: string; description?: string | undefined; buttonText?: string | undefined; buttonLink?: string | undefined; backgroundColor?: string | undefined; backgroundOpacity?: number | undefined; position?: "left" | ... 2 more ... | undefined; isActive?: boolean | undefined; }, { ...; }>...'.
          Type 'ResolverSuccess<TFieldValues>' is not assignable to type 'ResolverResult<{ title: string; image: string; description?: string | undefined; buttonText?: string | undefined; buttonLink?: string | undefined; backgroundColor?: string | undefined; backgroundOpacity?: number | undefined; position?: "left" | ... 2 more ... | undefined; isActive?: boolean | undefined; }, { ...; }>...'.
            Type 'ResolverSuccess<TFieldValues>' is not assignable to type 'ResolverSuccess<{ title: string; image: string; description?: string | undefined; buttonText?: string | undefined; buttonLink?: string | undefined; backgroundColor?: string | undefined; backgroundOpacity?: number | undefined; position?: "left" | ... 2 more ... | undefined; isActive?: boolean | undefined; }>'.
              Type 'TFieldValues' is not assignable to type '{ title: string; image: string; description?: string | undefined; buttonText?: string | undefined; buttonLink?: string | undefined; backgroundColor?: string | undefined; backgroundOpacity?: number | undefined; position?: "left" | ... 2 more ... | undefined; isActive?: boolean | undefined; }'.
                Type 'FieldValues' is missing the following properties from type '{ title: string; image: string; description?: string | undefined; buttonText?: string | undefined; buttonLink?: string | undefined; backgroundColor?: string | undefined; backgroundOpacity?: number | undefined; position?: "left" | ... 2 more ... | undefined; isActive?: boolean | undefined; }': title, image
components/admin/promo-form.tsx(222,17): error TS2322: Type 'Control<{ title: string; image: string; description?: string | undefined; buttonText?: string | undefined; buttonLink?: string | undefined; backgroundColor?: string | undefined; backgroundOpacity?: number | undefined; position?: "left" | ... 2 more ... | undefined; isActive?: boolean | undefined; }, any, TFieldValues>' is not assignable to type 'Control<{ title: string; image: string; description?: string | undefined; buttonText?: string | undefined; buttonLink?: string | undefined; backgroundColor?: string | undefined; backgroundOpacity?: number | undefined; position?: "left" | ... 2 more ... | undefined; isActive?: boolean | undefined; }, any, { ...; }>'.
  The types of '_options.resolver' are incompatible between these types.
    Type 'Resolver<{ title: string; image: string; description?: string | undefined; buttonText?: string | undefined; buttonLink?: string | undefined; backgroundColor?: string | undefined; backgroundOpacity?: number | undefined; position?: "left" | ... 2 more ... | undefined; isActive?: boolean | undefined; }, any, TFieldValu...' is not assignable to type 'Resolver<{ title: string; image: string; description?: string | undefined; buttonText?: string | undefined; buttonLink?: string | undefined; backgroundColor?: string | undefined; backgroundOpacity?: number | undefined; position?: "left" | ... 2 more ... | undefined; isActive?: boolean | undefined; }, any, { ...; }> ...'.
      Type 'Resolver<{ title: string; image: string; description?: string | undefined; buttonText?: string | undefined; buttonLink?: string | undefined; backgroundColor?: string | undefined; backgroundOpacity?: number | undefined; position?: "left" | ... 2 more ... | undefined; isActive?: boolean | undefined; }, any, TFieldValu...' is not assignable to type 'Resolver<{ title: string; image: string; description?: string | undefined; buttonText?: string | undefined; buttonLink?: string | undefined; backgroundColor?: string | undefined; backgroundOpacity?: number | undefined; position?: "left" | ... 2 more ... | undefined; isActive?: boolean | undefined; }, any, { ...; }>'.
        Type 'ResolverResult<{ title: string; image: string; description?: string | undefined; buttonText?: string | undefined; buttonLink?: string | undefined; backgroundColor?: string | undefined; backgroundOpacity?: number | undefined; position?: "left" | ... 2 more ... | undefined; isActive?: boolean | undefined; }, TFieldVal...' is not assignable to type 'ResolverResult<{ title: string; image: string; description?: string | undefined; buttonText?: string | undefined; buttonLink?: string | undefined; backgroundColor?: string | undefined; backgroundOpacity?: number | undefined; position?: "left" | ... 2 more ... | undefined; isActive?: boolean | undefined; }, { ...; }>...'.
          Type 'ResolverSuccess<TFieldValues>' is not assignable to type 'ResolverResult<{ title: string; image: string; description?: string | undefined; buttonText?: string | undefined; buttonLink?: string | undefined; backgroundColor?: string | undefined; backgroundOpacity?: number | undefined; position?: "left" | ... 2 more ... | undefined; isActive?: boolean | undefined; }, { ...; }>...'.
            Type 'ResolverSuccess<TFieldValues>' is not assignable to type 'ResolverSuccess<{ title: string; image: string; description?: string | undefined; buttonText?: string | undefined; buttonLink?: string | undefined; backgroundColor?: string | undefined; backgroundOpacity?: number | undefined; position?: "left" | ... 2 more ... | undefined; isActive?: boolean | undefined; }>'.
              Type 'TFieldValues' is not assignable to type '{ title: string; image: string; description?: string | undefined; buttonText?: string | undefined; buttonLink?: string | undefined; backgroundColor?: string | undefined; backgroundOpacity?: number | undefined; position?: "left" | ... 2 more ... | undefined; isActive?: boolean | undefined; }'.
                Type 'FieldValues' is missing the following properties from type '{ title: string; image: string; description?: string | undefined; buttonText?: string | undefined; buttonLink?: string | undefined; backgroundColor?: string | undefined; backgroundOpacity?: number | undefined; position?: "left" | ... 2 more ... | undefined; isActive?: boolean | undefined; }': title, image
